
as12, an absolute assembler for Motorola MCU's, version 1.2h

                        ;        ORG     $1000
                        ;        LDAA    #5
                        ;        LDX     #$1400
                        ;        CLRB
                        ;ADD     ADDB    $00,X
                        ;        INX
                        ;        DECB
                        ;        BNE     ADD
                        ;        STAB    ADD
                        ;        SWI
                        ;        ORG     $1400
                        ;        FCB     $12,$13,$14,$15,$16
                        ;        END
                        
                        ;Work on array
1000                            ORG     $1000
1000 11 12 13 14 15     ARR     DB      $11,$12,$13,$14,$15
1005 c6 05                      LDAB    #5
1007 ce 05 78                   LDX     #1400
100a 87                         CLRA
100b ab 00              ADD     ADDA    $00,X
100d 08                         INX
100e 53                         DECB
100f 26 fa                      BNE     ADD
1011 3f                         SWI
1400                            ORG     $1400
                                END
                        ;Arithmetic
1500                            ORG     $1500
1500 b6 10 00                   LDAA    $1000
1503 c7                         CLRB
1504 bb 10 01                   ADDA    $1001
1507 bb 10 02                   ADDA    $1002
150a 7a 10 10                   STAA    $1010
150d 3f                         SWI
                                END
                                

Executed: Sun Sep 14 14:28:00 2025
Total cycles: 57, Total bytes: 32
Total errors: 0, Total warnings: 0
