
as12, an absolute assembler for Motorola MCU's, version 1.2h

                        ;=================================
                        ; Dragon12 Password Input Program
                        ;=================================
                        
0001                    DRB     EQU     $0001
0003                    DDRB    EQU     $0003
0268                    DRJ     EQU     $0268
026a                    DDRJ    EQU     $026A
0258                    DRP     EQU     $0258
025a                    DDRP    EQU     $025A
ee88                    PRINTF  EQU     $EE88        ;Subrountine for print string
ee84                    GETCHAR EQU     $EE84         ;Subrountine for getting character from keyboard
ee86                    PUTCHAR EQU     $EE86        ;Subrountine for outputting single character
                        
1000                            ORG     $1000
1000 86 ff                      LDAA    #$FF
1002 5a 03                      STAA    DDRB
1004 7a 02 5a                   STAA    DDRP
1007 7a 02 6a                   STAA    DDRJ
100a 86 00                      LDAA    #$00
100c 7a 02 68                   STAA    DRJ
100f fe ee 84           START   LDX     GETCHAR
1012 15 00                      JSR     $00,X
1014 7b 10 42                   STAB    TARGET
1017 c1 1b                      CMPB    #$1B
1019 27 03                      BEQ     BLINK
101b 20 f2                      BRA     START
101d 3f                 FINISH  SWI
                        
101e 86 0a              BLINK        LDAA    #10
1020                    BLINK_LOOP
1020 c6 ff                      LDAB    #%11111111
1022 5b 01                      STAB    DRB
1024 16 10 32                   JSR     FREQ2
1027 c6 00                      LDAB    #%00000000
1029 5b 01                      STAB    DRB
102b 16 10 32                   JSR     FREQ2
102e 43                         DECA
102f 26 ef                      BNE     BLINK_LOOP
1031 3d                         RTS
                        
1032 36                 FREQ2   PSHA
1033 35                         PSHY
1034 86 fa                      LDAA    #250
1036                    DELAY_LOOP
1036 cd 17 70                   LDY     #6000
1039 03                 DELAY   DEY
103a 26 fd                      BNE     DELAY
103c 43                         DECA
103d 26 f7                      BNE     DELAY_LOOP
103f 31                         PULY
1040 32                         PULA
1041 3d                         RTS
1042                    TARGET  RMB     1
                                END

Executed: Wed Oct 08 13:00:21 2025
Total cycles: 112, Total bytes: 66
Total errors: 0, Total warnings: 0
