
as12, an absolute assembler for Motorola MCU's, version 1.2h

                        ;Quize week 4
                        ;Question 1. x * time for one loop = total time delay
                        ; x * 4 cycle * T, T = 1/ 2MHz = 0.042 uSec, x = T/ 4 * 0.042 = 4464
1000                            ORG     $1000
1000 16 10 03                   JSR     TIME075
1003 35                 TIME075 PSHY
1004 fd 11 94                   LDY     4500
1007 03                 DELAY   DEY
1008 26 fd                      BNE     DELAY
100a 31                         PULY
100b 3d                         RTS
                        
                        ;Question 2. T = 1/ 4Hz = 250 milisec, LED on for 125 milisec and off for 125 milsec => LEDs blink at 250 milisec 4 Hz
0001                    DRB     EQU     $0001
0003                    DDRB    EQU     $0003
0268                    DRJ     EQU     $0268
026a                    DDRJ    EQU     $026A
0258                    DRP     EQU     $0258
025a                    DDRP    EQU     $025A
1000                            ORG     $1000
1000 86 ff                      LDAA    #$FF
1002 5a 03                      STAA    DDRB
1004 7a 02 6a                   STAA    DDRJ
1007 7a 02 5a                   STAA    DDRP
100a 7a 02 58                   STAA    DRP
100d c6 ff              START   LDAB    #%11111111
100f 5b 01                      STAB    DRB
1011 16 10 1e                   JSR     TIME125
1014 c6 00                      LDAB    #%00000000
1016 5b 01                      STAB    DRB
1018 16 10 1e                   JSR 	TIME125
101b 20 f0                      BRA     START
101d 3f                 FINISH	SWI
                        
101e 35                 TIME125 PSHY
101f 36                         PSHA
1020 86 7d                      LDAA    #125
1022 cd 17 70           LOOP   	LDY     #6000
1025 03                 DELAY1  DEY
1026 26 fd                      BNE     DELAY1
1028 43                         DECA
1029 26 f7                      BNE     LOOP
                                END

Executed: Fri Sep 26 10:30:33 2025
Total cycles: 96, Total bytes: 55
Total errors: 0, Total warnings: 0
